---
source: src/flake8_bandit/mod.rs
expression: checks
---
- kind: UseOfYamlLoad
  location:
    row: 9
    column: 8
  end_location:
    row: 9
    column: 17
  fix: ~
  parent: ~
- kind: UseOfYamlLoad
  location:
    row: 22
    column: 0
  end_location:
    row: 22
    column: 9
  fix: ~
  parent: ~

